// Jest Snapshot v1, https://goo.gl/fbAQLP

exports[`Renders Calender months with dates with specific date events 1`] = `
<section
  className="main-calendar"
>
  <header
    className="calendar-header"
  >
    <div
      className="row title-header"
    >
      <div
        className="month-arrow"
        onClick={[Function]}
      >
        <i
          className="box arrow fa fa-angle-left"
        />
      </div>
      <div
        className="box header-text"
      >
        <span
          className="box today-label"
          onClick={[Function]}
        >
          Today
        </span>
        <span
          className="box month-label"
        >
          April 2020
        </span>
      </div>
      <div
        className="month-arrow"
        onClick={[Function]}
      >
        <i
          className="box arrow fa fa-angle-right"
        />
      </div>
    </div>
    <div
      className="row days-header"
    >
      <span
        className="box day-name"
      >
        Mon
      </span>
      <span
        className="box day-name"
      >
        Tue
      </span>
      <span
        className="box day-name"
      >
        Wed
      </span>
      <span
        className="box day-name"
      >
        Thu
      </span>
      <span
        className="box day-name"
      >
        Fri
      </span>
      <span
        className="box day-name"
      >
        Sat
      </span>
      <span
        className="box day-name"
      >
        Sun
      </span>
    </div>
  </header>
  <div
    className="days-container"
  >
    <div
      className="row week"
    >
      <div
        className="day different-month"
        onClick={[Function]}
      >
        <div
          className="day-number"
        >
          30
        </div>
      </div>
      <div
        className="day different-month"
        onClick={[Function]}
      >
        <div
          className="day-number"
        >
          31
        </div>
      </div>
      <div
        className="day"
        onClick={[Function]}
      >
        <div
          className="day-number"
        >
          1
        </div>
      </div>
      <div
        className="day"
        onClick={[Function]}
      >
        <div
          className="day-number"
        >
          2
        </div>
      </div>
      <div
        className="day"
        onClick={[Function]}
      >
        <div
          className="day-number"
        >
          3
        </div>
      </div>
      <div
        className="day"
        onClick={[Function]}
      >
        <div
          className="day-number"
        >
          4
        </div>
      </div>
      <div
        className="day"
        onClick={[Function]}
      >
        <div
          className="day-number"
        >
          5
        </div>
      </div>
    </div>
    <div
      className="row week"
    >
      <div
        className="day"
        onClick={[Function]}
      >
        <div
          className="day-number"
        >
          6
        </div>
      </div>
      <div
        className="day"
        onClick={[Function]}
      >
        <div
          className="day-number"
        >
          7
        </div>
      </div>
      <div
        className="day"
        onClick={[Function]}
      >
        <div
          className="day-number"
        >
          8
        </div>
      </div>
      <div
        className="day"
        onClick={[Function]}
      >
        <div
          className="day-number"
        >
          9
        </div>
      </div>
      <div
        className="day"
        onClick={[Function]}
      >
        <div
          className="day-number"
        >
          10
        </div>
      </div>
      <div
        className="day"
        onClick={[Function]}
      >
        <div
          className="day-number"
        >
          11
        </div>
      </div>
      <div
        className="day"
        onClick={[Function]}
      >
        <div
          className="day-number"
        >
          12
        </div>
      </div>
    </div>
    <div
      className="row week"
    >
      <div
        className="day"
        onClick={[Function]}
      >
        <div
          className="day-number"
        >
          13
        </div>
      </div>
      <div
        className="day"
        onClick={[Function]}
      >
        <div
          className="day-number"
        >
          14
        </div>
      </div>
      <div
        className="day"
        onClick={[Function]}
      >
        <div
          className="day-number"
        >
          15
        </div>
      </div>
      <div
        className="day"
        onClick={[Function]}
      >
        <div
          className="day-number"
        >
          16
        </div>
      </div>
      <div
        className="day"
        onClick={[Function]}
      >
        <div
          className="day-number"
        >
          17
        </div>
      </div>
      <div
        className="day"
        onClick={[Function]}
      >
        <div
          className="day-number"
        >
          18
        </div>
      </div>
      <div
        className="day"
        onClick={[Function]}
      >
        <div
          className="day-number"
        >
          19
        </div>
      </div>
    </div>
    <div
      className="row week"
    >
      <div
        className="day"
        onClick={[Function]}
      >
        <div
          className="day-number"
        >
          20
        </div>
      </div>
      <div
        className="day"
        onClick={[Function]}
      >
        <div
          className="day-number"
        >
          21
        </div>
      </div>
      <div
        className="day"
        onClick={[Function]}
      >
        <div
          className="day-number"
        >
          22
        </div>
      </div>
      <div
        className="day"
        onClick={[Function]}
      >
        <div
          className="day-number"
        >
          23
        </div>
      </div>
      <div
        className="day"
        onClick={[Function]}
      >
        <div
          className="day-number"
        >
          24
        </div>
      </div>
      <div
        className="day"
        onClick={[Function]}
      >
        <div
          className="day-number"
        >
          25
        </div>
      </div>
      <div
        className="day"
        onClick={[Function]}
      >
        <div
          className="day-number"
        >
          26
        </div>
      </div>
    </div>
    <div
      className="row week"
    >
      <div
        className="day today selected"
        onClick={[Function]}
      >
        <div
          className="day-number"
        >
          27
        </div>
      </div>
      <div
        className="day"
        onClick={[Function]}
      >
        <div
          className="day-number"
        >
          28
        </div>
      </div>
      <div
        className="day"
        onClick={[Function]}
      >
        <div
          className="day-number"
        >
          29
        </div>
      </div>
      <div
        className="day"
        onClick={[Function]}
      >
        <div
          className="day-number"
        >
          30
        </div>
      </div>
      <div
        className="day different-month"
        onClick={[Function]}
      >
        <div
          className="day-number"
        >
          1
        </div>
      </div>
      <div
        className="day different-month"
        onClick={[Function]}
      >
        <div
          className="day-number"
        >
          2
        </div>
      </div>
      <div
        className="day different-month"
        onClick={[Function]}
      >
        <div
          className="day-number"
        >
          3
        </div>
      </div>
    </div>
  </div>
</section>
`;
